MAP
  NAME "WFS_server"
  STATUS ON
  SIZE 400 300
  SYMBOLSET "../etc/symbols.txt"
  EXTENT -180 -90 180 90
  UNITS DD
  SHAPEPATH "../data"
  IMAGECOLOR 255 255 255
  FONTSET "../etc/fonts.txt"


  #
  # Start of web interface definition
  #
  WEB
    IMAGEPATH "/ms4w/tmp/ms_tmp/"
    IMAGEURL "/ms_tmp/"
    METADATA
      "wfs_title"          "WFS Demo Server for MapServer" ## REQUIRED
      "wfs_onlineresource" "http://localhost/CGI-Executables/mapserv.cgi?map=mywfs.map&" ## Recommended
      "wfs_srs"            "EPSG:4326 EPSG:4269 EPSG:3978 EPSG:3857" ## Recommended
      "wfs_abstract"       "This text describes my WFS service." ## Recommended
      "wfs_enable_request" "*"  # necessary
    END
  END

  PROJECTION
    "init=epsg:4326"
  END

  #
  # Start of layer definitions
  #

  ##################
  # World Continents
  ##################
  LAYER
    NAME "continents"
    METADATA
      "wfs_title"         "World continents" ##REQUIRED
      "wfs_srs"           "EPSG:4326" ## REQUIRED
      "gml_include_items" "all" ## Optional (serves all attributes for layer)
      "gml_featureid"     "ID" ## REQUIRED
      "wfs_enable_request" "*"
    END
    TYPE POLYGON
    STATUS ON
    DATA 'indonesia/00'
    PROJECTION
      "init=epsg:4326"
    END
    CLASS
      NAME 'World Continents'
      STYLE
        COLOR 255 128 128
        OUTLINECOLOR 96 96 96
      END
    END
  END #layer

END #mapfile