map
  size 640 480
  imagetype png8
  imagecolor 225 225 225
  shapepath "../shp"
  fontset "../../common/fonts/msfontset.txt"
  projection
    "init=epsg:4326"
  end
  debug on
  web
    imagepath "/Users/awangga/Sites/demoms/tmp/"
    imageurl "/demoms/tmp/"
    metadata
      wms_title "Awangga Geo Map"
      wms_srs "EPSG:4326"
      wms_enable_request "*"
      "ows_onlineresource" "http://localhost/cgi-bin/mapserv?map=/Users/awangga/Sites/mapdata/mapfile/osm.map"
    end
  end
  outputformat
    name "png256"
    driver "AGG/PNG"
    imagemode "pc256"
    extension "png"
  end
  outputformat
    name "png"
    driver "AGG/PNG"
    imagemode "rgba"
    extension "png"
    mimetype "image/png"
    imagemode RGBA
  end
  outputformat
    name "png8"
    driver "AGG/PNG"
    imagemode "rgba"
    extension "png"
    mimetype "image/png"
    imagemode RGBA
    transparent ON
    formatoption "QUANTIZE_FORCE=ON"
    formatoption "QUANTIZE_DITHER=ON"
    formatoption "QUANTIZE_COLORS=250"
  end
  outputformat
    name "jpg"
    driver "AGG/JPEG"
    extension "jpg"
    formatoption "QUALITY=85"
  end
  layer
    name segments 
    group roads
    type line
    projection
      "init=epsg:4326"
    end
    transparency alpha
    status on
    data roads
    labelitem "name"
    classitem "fclass"

    # motorway 
    class 
      expression "motorway"  
      style
        color 0 0 0  
        width 8 
        antialias true
      end
      style
        color 128 155 192 
        width 6  
        antialias true
      end

      label
        type truetype
        antialias true
        font arialbd
        size 8
        position cc
        color 255 255 255
        outlinecolor 64 64 64
        buffer 30
        partials false
      end
    end  
    class
      expression "primary"
      style
        color 0 0 0  
        width 6 
        antialias true
      end
      style
        color 127 201 127 
        width 4 
        antialias true
      end
      label
        type truetype
        antialias true
        font arialbd
        size 8
        position cc
	angle follow
        color 255 255 255
        outlinecolor 64 64 64
        buffer 30
        partials false
      end
    end

    class
    expression "secondary"
    style
        color 0 0 0
        width 4 
        antialias true
      end
      style
        color 253 191 111
        width 2  
        antialias true
      end

      label
        type truetype
        antialias true
        font arialbd
        size 8
        position cc
        color 255 255 255
        outlinecolor 64 64 64
        buffer 30
        partials false
      end
    end 
   end

  layer
    name class_segment
    group roads
    type line
    dump true
    projection
      "init=epsg:4326"
    end
    transparency alpha
    status on
    data roads
    labelitem "name"
    classitem "fclass"
    class 
      maxscale 1000000
      expression "motorway"
      style
        color 0 0 0  
        width 8
        antialias true
      end
      style
        color 128 155 192
        width 6  
        antialias true
      end
 
      label
        type truetype
        antialias true
        font arialbd
        size 8
        position cc
        color 255 255 255
        outlinecolor 64 64 64
        buffer 30
        partials false
      end
    end
    class
    minscale 1000000
      expression "motorway"
      style
        color 0 0 0
        width 6 
        antialias true
      end
      style
        color 128 155 192
        width 4   
        antialias true
      end
    end
    class
      maxscale 1000000
      expression "primary"
      style
        color 0 0 0  
        width 6 
        antialias true
      end
      style
        color 127 201 127 
        width 4
        antialias true
      end
      label
        type truetype
        antialias true
        font arialbd
        size 8
        position cc
	angle follow
        color 255 255 255
        outlinecolor 64 64 64
        buffer 30
        partials false
      end
    end
    class
    minscale 1000000
      expression "primary"
      style
        color 0 0 0
        width 4 
        antialias true
      end
      style
        color 127 201 127 
        width 2 
        antialias true
      end
    end

    class
    expression "secondary"
    style
        color 0 0 0
        width 4
        antialias true
      end
      style
        color 253 191 111
        width 2  
        antialias true
      end

      label
        type truetype
        antialias true
        font arialbd
        size 8
        position cc
        color 255 255 255
        outlinecolor 64 64 64
        buffer 30
        partials false
      end
    end
  end
  layer 
    name default_segment
    group roads
    type line
    dump true 
    projection
      "init=epsg:4326"
    end
    transparency alpha
    status on
    data roads
    labelitem "name"
    classitem "fclass"
    class 
     minscale 100000
     maxscale 1000000
     style
        color 0 0 0
        width 3 
        antialias true
      end
      style
        color 196 196 196
        width 1 
        antialias true
      end
    end
    class
     maxscale 50000
     style
        color 0 0 0
        width 6 
        antialias true
      end
      style
        color 196 196 196
        width 4 
        antialias true
      end
     label
        type truetype
        antialias true
        font arialbd
        size 8
        position auto
     	angle follow 
        color 255 255 255
        outlinecolor 64 64 64
        buffer 30
        partials false
      end
    end

    class   
     maxscale 100000
     minscale 50000
     style
        color 0 0 0
        width 4
        antialias true
      end
      style
        color 196 196 196
        width 2
        antialias true
      end
      label
        type truetype
        antialias true
        font arialbd
        size 8
        position cc
        color 255 255 255
        outlinecolor 64 64 64
        buffer 30
        partials false
      end
    end
  end
end